STARTING 
NODE_OK
FINISHED 
